// Vitest Snapshot v1, https://vitest.dev/guide/snapshot.html

exports[`getContributors > should return contributors for a zone 1`] = `
{
  "contributors": [
    "Manu1400",
    "autipial",
    "q--",
    "florianscheidl",
    "MisterClean",
    "corradio",
    "nessie2013",
    "tmslaine",
    "systemcatch",
    "alixunderplatz",
    "brandongalbraith",
    "jarek",
    "unitrium",
    "amv213",
    "chuqtas",
    "ajoga",
    "MariusKroon",
    "pascalheraud",
    "VIKTORVAV99",
    "MuffinCompiler",
    "Fred-3000",
    "gadakast",
    "yurukov",
    "ultibo",
    "bogomil",
    "Pantkowsky",
    "MindFreeze",
    "igorarduin",
    "skovhus",
    "alexanmtz",
    "admetny",
    "mlucchini",
    "daveachuk",
    "felixvanoost",
    "lav-julien",
    "scriptator",
    "misterclean",
    "christopheradlam",
    "reinvented",
    "pjakobsen",
    "madsnedergaard",
    "KabelWlan",
    "postronium",
    "Kikof2",
    "veqtrus",
    "Frantisek12",
    "bohne13",
    "chiefymuc",
    "IV1T3",
    "sin",
    "hectorespert",
    "JosepRey",
    "pnook",
    "PETILLON-Sebastien",
    "lorrieq",
    "brunolajoie",
    "msaynevirta",
    "maxbellec",
    "AlexandreCouderc",
    "kruschk",
    "PaulCornelissen",
    "RolandSzep",
    "yuvalabou",
    "gopikrishna1793",
    "willbeaufoy",
    "GitMatze",
    "pierresegonne",
    "sahitya-pavurala",
    "mathilde-daugy",
    "byronwilliams",
    "SNPerkin",
    "wobniarin",
    "PPsyrius",
    "kongkille",
    "clawfire",
    "lgrigoryeva1",
    "Impelon",
    "silimotion",
    "Subarna578",
    "BobGrun",
    "davidcole1340",
    "drc38",
    "paulotaviodr",
    "7hibault",
    "r24mille",
    "xomanuel",
    "wojciej",
    "filipc",
    "Musketeiro",
    "RGarrido03",
    "mzaharie",
    "denplis",
    "JeanBaptisteScellier",
    "aekrylov",
    "augustekman",
    "RRyyas",
    "dpkruczek",
    "olivierSemet",
    "amkozlov",
    "wrma6",
    "robertahunt",
    "kepiej",
    "danielmatsuda",
    "miniksa",
    "ZachEichen",
    "ananyasharma20",
  ],
  "zoneContributorsIndexArray": [
    5,
    6,
    21,
    52,
  ],
}
`;

exports[`getDisclaimer > should return disclaimer for a zone 1`] = `"Solar production is collected from NED.nl and can contain their own estimations."`;
