// Vitest Snapshot v1, https://vitest.dev/guide/snapshot.html

exports[`formatDate > handles daily data for de 1`] = `"1.–2. Januar 2021"`;

exports[`formatDate > handles daily data for en 1`] = `"January 1 – 2, 2021"`;

exports[`formatDate > handles daily data for es 1`] = `"1–2 de enero de 2021"`;

exports[`formatDate > handles daily data for fr 1`] = `"1–2 janvier 2021"`;

exports[`formatDate > handles daily data for it 1`] = `"01–02 gennaio 2021"`;

exports[`formatDate > handles daily data for sv 1`] = `"1–2 januari 2021"`;

exports[`formatDate > handles hourly data for de 1`] = `"1. Jan. 2021, 00:00–01:00 Uhr UTC"`;

exports[`formatDate > handles hourly data for en 1`] = `"Jan 1, 2021, 12:00 – 1:00 AM UTC"`;

exports[`formatDate > handles hourly data for es 1`] = `"1 ene 2021, 0:00–1:00 UTC"`;

exports[`formatDate > handles hourly data for fr 1`] = `"1 janv. 2021, 00:00 – 01:00 UTC"`;

exports[`formatDate > handles hourly data for it 1`] = `"1 gen 2021, 00:00–01:00 UTC"`;

exports[`formatDate > handles hourly data for sv 1`] = `"1 jan. 2021 00:00–01:00 UTC"`;

exports[`formatDate > handles monthly data for de 1`] = `"Januar–Februar 2021"`;

exports[`formatDate > handles monthly data for en 1`] = `"January – February 2021"`;

exports[`formatDate > handles monthly data for es 1`] = `"enero–febrero de 2021"`;

exports[`formatDate > handles monthly data for fr 1`] = `"janvier – février 2021"`;

exports[`formatDate > handles monthly data for it 1`] = `"gennaio–febbraio 2021"`;

exports[`formatDate > handles monthly data for sv 1`] = `"januari–februari 2021"`;

exports[`formatDate > handles yearly data for de 1`] = `"2021–2022"`;

exports[`formatDate > handles yearly data for en 1`] = `"2021 – 2022"`;

exports[`formatDate > handles yearly data for es 1`] = `"2021–2022"`;

exports[`formatDate > handles yearly data for fr 1`] = `"2021–2022"`;

exports[`formatDate > handles yearly data for it 1`] = `"2021–2022"`;

exports[`formatDate > handles yearly data for sv 1`] = `"2021–2022"`;
